2020-05-05 12:55:06	test error
2020-05-05 12:55:06	test fmt error aa
